// Jest Snapshot v1, https://goo.gl/fbAQLP

exports[`renders correctly 1`] = `
<View
  style={
    Object {
      "flex": 1,
      "flexDirection": "column",
      "marginTop": 60,
    }
  }
>
  <View
    accessibilityLabel="Add Counter"
    accessibilityRole="button"
    accessibilityStates={Array []}
    accessible={true}
    isTVSelectable={true}
    onResponderGrant={[Function]}
    onResponderMove={[Function]}
    onResponderRelease={[Function]}
    onResponderTerminate={[Function]}
    onResponderTerminationRequest={[Function]}
    onStartShouldSetResponder={[Function]}
    style={
      Object {
        "opacity": 1,
      }
    }
  >
    <View
      style={
        Array [
          Object {},
        ]
      }
    >
      <Text
        style={
          Array [
            Object {
              "color": "#007AFF",
              "fontSize": 18,
              "padding": 8,
              "textAlign": "center",
            },
            Object {
              "color": "#841584",
            },
          ]
        }
      >
        Add Counter
      </Text>
    </View>
  </View>
  <View
    style={
      Object {
        "borderBottomColor": "black",
        "borderBottomWidth": 1,
      }
    }
  />
  <RCTScrollView
    data={
      Array [
        Object {
          "count": 0,
        },
        Object {
          "count": 5,
        },
      ]
    }
    disableVirtualization={false}
    getItem={[Function]}
    getItemCount={[Function]}
    horizontal={false}
    initialNumToRender={10}
    keyExtractor={[Function]}
    maxToRenderPerBatch={10}
    numColumns={1}
    onContentSizeChange={[Function]}
    onEndReachedThreshold={2}
    onLayout={[Function]}
    onMomentumScrollEnd={[Function]}
    onScroll={[Function]}
    onScrollBeginDrag={[Function]}
    onScrollEndDrag={[Function]}
    removeClippedSubviews={false}
    renderItem={[Function]}
    scrollEventThrottle={50}
    stickyHeaderIndices={Array []}
    updateCellsBatchingPeriod={50}
    viewabilityConfigCallbackPairs={Array []}
    windowSize={21}
  >
    <View>
      <View
        onLayout={[Function]}
        style={null}
      >
        <View
          style={
            Object {
              "flex": 1,
              "flexDirection": "row",
              "justifyContent": "space-around",
            }
          }
        >
          <Text
            style={
              Object {
                "fontSize": 20,
                "margin": 10,
                "textAlign": "center",
              }
            }
          >
            Count: 
            0
          </Text>
          <View
            accessibilityLabel="Increase"
            accessibilityRole="button"
            accessibilityStates={Array []}
            accessible={true}
            isTVSelectable={true}
            onResponderGrant={[Function]}
            onResponderMove={[Function]}
            onResponderRelease={[Function]}
            onResponderTerminate={[Function]}
            onResponderTerminationRequest={[Function]}
            onStartShouldSetResponder={[Function]}
            style={
              Object {
                "opacity": 1,
              }
            }
          >
            <View
              style={
                Array [
                  Object {},
                ]
              }
            >
              <Text
                style={
                  Array [
                    Object {
                      "color": "#007AFF",
                      "fontSize": 18,
                      "padding": 8,
                      "textAlign": "center",
                    },
                    Object {
                      "color": "#841584",
                    },
                  ]
                }
              >
                Increase
              </Text>
            </View>
          </View>
          <View
            accessibilityLabel="Decrease"
            accessibilityRole="button"
            accessibilityStates={Array []}
            accessible={true}
            isTVSelectable={true}
            onResponderGrant={[Function]}
            onResponderMove={[Function]}
            onResponderRelease={[Function]}
            onResponderTerminate={[Function]}
            onResponderTerminationRequest={[Function]}
            onStartShouldSetResponder={[Function]}
            style={
              Object {
                "opacity": 1,
              }
            }
          >
            <View
              style={
                Array [
                  Object {},
                ]
              }
            >
              <Text
                style={
                  Array [
                    Object {
                      "color": "#007AFF",
                      "fontSize": 18,
                      "padding": 8,
                      "textAlign": "center",
                    },
                    Object {
                      "color": "#841584",
                    },
                  ]
                }
              >
                Decrease
              </Text>
            </View>
          </View>
          <View
            accessibilityLabel="Remove"
            accessibilityRole="button"
            accessibilityStates={Array []}
            accessible={true}
            isTVSelectable={true}
            onResponderGrant={[Function]}
            onResponderMove={[Function]}
            onResponderRelease={[Function]}
            onResponderTerminate={[Function]}
            onResponderTerminationRequest={[Function]}
            onStartShouldSetResponder={[Function]}
            style={
              Object {
                "opacity": 1,
              }
            }
          >
            <View
              style={
                Array [
                  Object {},
                ]
              }
            >
              <Text
                style={
                  Array [
                    Object {
                      "color": "#007AFF",
                      "fontSize": 18,
                      "padding": 8,
                      "textAlign": "center",
                    },
                    Object {
                      "color": "#841584",
                    },
                  ]
                }
              >
                Remove
              </Text>
            </View>
          </View>
        </View>
      </View>
      <View
        onLayout={[Function]}
        style={null}
      >
        <View
          style={
            Object {
              "flex": 1,
              "flexDirection": "row",
              "justifyContent": "space-around",
            }
          }
        >
          <Text
            style={
              Object {
                "fontSize": 20,
                "margin": 10,
                "textAlign": "center",
              }
            }
          >
            Count: 
            5
          </Text>
          <View
            accessibilityLabel="Increase"
            accessibilityRole="button"
            accessibilityStates={Array []}
            accessible={true}
            isTVSelectable={true}
            onResponderGrant={[Function]}
            onResponderMove={[Function]}
            onResponderRelease={[Function]}
            onResponderTerminate={[Function]}
            onResponderTerminationRequest={[Function]}
            onStartShouldSetResponder={[Function]}
            style={
              Object {
                "opacity": 1,
              }
            }
          >
            <View
              style={
                Array [
                  Object {},
                ]
              }
            >
              <Text
                style={
                  Array [
                    Object {
                      "color": "#007AFF",
                      "fontSize": 18,
                      "padding": 8,
                      "textAlign": "center",
                    },
                    Object {
                      "color": "#841584",
                    },
                  ]
                }
              >
                Increase
              </Text>
            </View>
          </View>
          <View
            accessibilityLabel="Decrease"
            accessibilityRole="button"
            accessibilityStates={Array []}
            accessible={true}
            isTVSelectable={true}
            onResponderGrant={[Function]}
            onResponderMove={[Function]}
            onResponderRelease={[Function]}
            onResponderTerminate={[Function]}
            onResponderTerminationRequest={[Function]}
            onStartShouldSetResponder={[Function]}
            style={
              Object {
                "opacity": 1,
              }
            }
          >
            <View
              style={
                Array [
                  Object {},
                ]
              }
            >
              <Text
                style={
                  Array [
                    Object {
                      "color": "#007AFF",
                      "fontSize": 18,
                      "padding": 8,
                      "textAlign": "center",
                    },
                    Object {
                      "color": "#841584",
                    },
                  ]
                }
              >
                Decrease
              </Text>
            </View>
          </View>
          <View
            accessibilityLabel="Remove"
            accessibilityRole="button"
            accessibilityStates={Array []}
            accessible={true}
            isTVSelectable={true}
            onResponderGrant={[Function]}
            onResponderMove={[Function]}
            onResponderRelease={[Function]}
            onResponderTerminate={[Function]}
            onResponderTerminationRequest={[Function]}
            onStartShouldSetResponder={[Function]}
            style={
              Object {
                "opacity": 1,
              }
            }
          >
            <View
              style={
                Array [
                  Object {},
                ]
              }
            >
              <Text
                style={
                  Array [
                    Object {
                      "color": "#007AFF",
                      "fontSize": 18,
                      "padding": 8,
                      "textAlign": "center",
                    },
                    Object {
                      "color": "#841584",
                    },
                  ]
                }
              >
                Remove
              </Text>
            </View>
          </View>
        </View>
      </View>
    </View>
  </RCTScrollView>
</View>
`;
